src/components/RideSharing.tsx(399,75): error TS2345: Argument of type 'string | undefined' is not assignable to parameter of type 'string'.
  Type 'undefined' is not assignable to type 'string'.
src/components/StudentDashboard.tsx(1976,15): error TS2367: This comparison appears to be unintentional because the types '"CONFIRMED" | "COMPLETED" | "IDLE"' and '"PENDING"' have no overlap.
src/components/StudentDashboard.tsx(1981,26): error TS2367: This comparison appears to be unintentional because the types '"CONFIRMED"' and '"PENDING"' have no overlap.
src/components/StudentDashboard.tsx(2041,15): error TS2367: This comparison appears to be unintentional because the types '"CONFIRMED" | "COMPLETED" | "IDLE"' and '"PENDING"' have no overlap.
